// Jest Snapshot v1, https://goo.gl/fbAQLP

exports[`SendConfirmation matches snapshot 1`] = `
<div
  className="css-view-1dbjc4n"
  style={
    Object {
      "WebkitBoxFlex": 1,
      "WebkitFlexBasis": "0%",
      "WebkitFlexGrow": 1,
      "WebkitFlexShrink": 1,
      "flexBasis": "0%",
      "flexGrow": 1,
      "flexShrink": 1,
      "msFlexNegative": 1,
      "msFlexPositive": 1,
      "msFlexPreferredSize": "0%",
    }
  }
>
  <div
    className="css-view-1dbjc4n"
    style={
      Object {
        "WebkitBoxDirection": "normal",
        "WebkitBoxFlex": 1,
        "WebkitBoxOrient": "vertical",
        "WebkitFlexBasis": "0%",
        "WebkitFlexDirection": "column",
        "WebkitFlexGrow": 1,
        "WebkitFlexShrink": 1,
        "backgroundImage": "linear-gradient(to bottom, #00AFFF, #2DC0F7, #28C0EF, #23C0E7, #1EC1DF, #19C1D7, #14C1CF, #0FC2C7, #0FC2C7, #0AC2BF, #05C2B7, #00C3AF)",
        "display": "flex",
        "flexBasis": "0%",
        "flexDirection": "column",
        "flexGrow": 1,
        "flexShrink": 1,
        "msFlexDirection": "column",
        "msFlexNegative": 1,
        "msFlexPositive": 1,
        "msFlexPreferredSize": "0%",
        "paddingBottom": "8px",
        "paddingLeft": "8px",
        "paddingRight": "8px",
        "paddingTop": "8px",
        "width": "100%",
      }
    }
  >
    <div
      className="css-view-1dbjc4n"
      style={
        Object {
          "backgroundColor": "rgba(255,255,255,1.00)",
          "borderBottomLeftRadius": "5px",
          "borderBottomRightRadius": "5px",
          "borderTopLeftRadius": "5px",
          "borderTopRightRadius": "5px",
          "marginBottom": "8px",
          "paddingBottom": "16px",
          "paddingLeft": "12px",
          "paddingRight": "12px",
          "paddingTop": "16px",
        }
      }
    >
      <div
        className="css-view-1dbjc4n"
        style={
          Object {
            "WebkitAlignItems": "center",
            "WebkitBoxAlign": "center",
            "WebkitBoxDirection": "normal",
            "WebkitBoxOrient": "horizontal",
            "WebkitBoxPack": "justify",
            "WebkitFlexDirection": "row",
            "WebkitJustifyContent": "space-between",
            "alignItems": "center",
            "flexDirection": "row",
            "justifyContent": "space-between",
            "msFlexAlign": "center",
            "msFlexDirection": "row",
            "msFlexPack": "justify",
          }
        }
      >
        <div
          aria-disabled={true}
          className="css-view-1dbjc4n"
          disabled={true}
          onKeyDown={[Function]}
          onKeyUp={[Function]}
          onResponderGrant={[Function]}
          onResponderMove={[Function]}
          onResponderRelease={[Function]}
          onResponderTerminate={[Function]}
          onResponderTerminationRequest={[Function]}
          onStartShouldSetResponder={[Function]}
          style={
            Object {
              "MozTransitionProperty": "opacity",
              "MozUserSelect": "none",
              "WebkitTransitionDuration": "0.15s",
              "WebkitTransitionProperty": "opacity",
              "WebkitUserSelect": "none",
              "backgroundColor": "rgba(0,0,0,0.00)",
              "msUserSelect": "none",
              "transitionDuration": "0.15s",
              "transitionProperty": "opacity",
              "userSelect": "none",
            }
          }
        >
          <div
            className="css-view-1dbjc4n"
            style={
              Object {
                "backgroundColor": "rgba(238,238,238,1.00)",
                "borderBottomLeftRadius": "21px",
                "borderBottomRightRadius": "21px",
                "borderTopLeftRadius": "21px",
                "borderTopRightRadius": "21px",
                "height": "44px",
                "width": "44px",
              }
            }
          >
            <div
              className="css-view-1dbjc4n"
              style={
                Object {
                  "WebkitFlexBasis": "auto",
                  "borderBottomLeftRadius": "21px",
                  "borderBottomRightRadius": "21px",
                  "borderTopLeftRadius": "21px",
                  "borderTopRightRadius": "21px",
                  "flexBasis": "auto",
                  "height": "42px",
                  "msFlexPreferredSize": "auto",
                  "overflowX": "hidden",
                  "overflowY": "hidden",
                  "width": "42px",
                  "zIndex": 0,
                }
              }
            >
              <div
                className="css-view-1dbjc4n"
                style={
                  Object {
                    "backgroundColor": "rgba(0,0,0,0.00)",
                    "backgroundPosition": "center",
                    "backgroundRepeat": "no-repeat",
                    "backgroundSize": "cover",
                    "bottom": "0px",
                    "height": "100%",
                    "left": "0px",
                    "position": "absolute",
                    "right": "0px",
                    "top": "0px",
                    "width": "100%",
                    "zIndex": -1,
                  }
                }
              />
            </div>
          </div>
        </div>
      </div>
    </div>
    <div
      className="css-view-1dbjc4n"
      style={
        Object {
          "WebkitAlignContent": "stretch",
          "WebkitAlignItems": "center",
          "WebkitBoxAlign": "center",
          "WebkitBoxFlex": 1,
          "WebkitBoxPack": "justify",
          "WebkitFlexBasis": "0%",
          "WebkitFlexGrow": 1,
          "WebkitFlexShrink": 1,
          "WebkitJustifyContent": "space-between",
          "alignContent": "stretch",
          "alignItems": "center",
          "backgroundColor": "rgba(255,255,255,1.00)",
          "borderBottomLeftRadius": "5px",
          "borderBottomRightRadius": "5px",
          "borderTopLeftRadius": "5px",
          "borderTopRightRadius": "5px",
          "flexBasis": "0%",
          "flexGrow": 1,
          "flexShrink": 1,
          "justifyContent": "space-between",
          "msFlexAlign": "center",
          "msFlexLinePack": "stretch",
          "msFlexNegative": 1,
          "msFlexPack": "justify",
          "msFlexPositive": 1,
          "msFlexPreferredSize": "0%",
          "paddingBottom": "16px",
          "paddingLeft": "12px",
          "paddingRight": "12px",
          "paddingTop": "22px",
        }
      }
    >
      <div
        className="css-view-1dbjc4n"
      >
        <div
          className="css-view-1dbjc4n"
          style={
            Object {
              "WebkitAlignItems": "center",
              "WebkitBoxAlign": "center",
              "WebkitBoxDirection": "normal",
              "WebkitBoxOrient": "vertical",
              "WebkitBoxPack": "justify",
              "WebkitFlexDirection": "column",
              "WebkitJustifyContent": "space-between",
              "alignItems": "center",
              "flexDirection": "column",
              "height": "100%",
              "justifyContent": "space-between",
              "msFlexAlign": "center",
              "msFlexDirection": "column",
              "msFlexPack": "justify",
            }
          }
        >
          <div
            className="css-view-1dbjc4n"
            style={
              Object {
                "WebkitAlignItems": "center",
                "WebkitBoxAlign": "center",
                "WebkitBoxPack": "center",
                "WebkitJustifyContent": "center",
                "alignItems": "center",
                "justifyContent": "center",
                "msFlexAlign": "center",
                "msFlexPack": "center",
              }
            }
          >
            <div
              className="css-view-1dbjc4n"
              style={
                Object {
                  "borderBottomColor": "rgba(0,175,255,1.00)",
                  "borderBottomLeftRadius": "5px",
                  "borderBottomRightRadius": "5px",
                  "borderBottomWidth": "1px",
                  "borderLeftColor": "rgba(0,175,255,1.00)",
                  "borderLeftWidth": "1px",
                  "borderRightColor": "rgba(0,175,255,1.00)",
                  "borderRightWidth": "1px",
                  "borderTopColor": "rgba(0,175,255,1.00)",
                  "borderTopLeftRadius": "5px",
                  "borderTopRightRadius": "5px",
                  "borderTopWidth": "1px",
                  "paddingBottom": "16px",
                  "paddingLeft": "16px",
                  "paddingRight": "16px",
                  "paddingTop": "16px",
                }
              }
            >
              <canvas
                height={128}
                style={
                  Object {
                    "height": 128,
                    "width": 128,
                  }
                }
                theme={
                  Object {
                    "backdrop": Object {
                      "backgroundColor": "rgba(255, 0, 0, 0.8)",
                    },
                    "borders": Object {
                      "defaultBorderColor": "#c9c8c9",
                    },
                    "colors": Object {
                      "accent": "#03dac4",
                      "backdrop": "rgba(0, 0, 0, 0.5)",
                      "background": "#f6f6f6",
                      "blue": "#006EA0",
                      "darkBlue": "#0C263D",
                      "darkGray": "#42454A",
                      "disabled": "rgba(0, 0, 0, 0.26)",
                      "error": "#FA6C77",
                      "gray": "#555",
                      "gray50Percent": "#CBCBCB",
                      "gray80Percent": "#A3A3A3",
                      "green": "#00C3AE",
                      "lightGray": "#EEE",
                      "lighterGray": "#A3A3A3",
                      "notification": "#f50057",
                      "orange": "#F8AF40",
                      "placeholder": "#CBCBCB",
                      "primary": "#00AFFF",
                      "purple": "#9F6A9D",
                      "red": "#FA6C77",
                      "surface": "#ffffff",
                      "text": "#222",
                    },
                    "dark": false,
                    "feedItems": Object {
                      "borderRadius": 8,
                      "height": 84,
                      "itemBackgroundColor": "#fff",
                    },
                    "fontStyle": Object {
                      "color": "#555",
                      "fontSize": 18,
                      "textAlign": "center",
                    },
                    "fonts": Object {
                      "bold": "Roboto-Bold",
                      "light": "Roboto-Light, Roboto, \\"Helvetica Neue\\", Helvetica, Arial, sans-serif",
                      "medium": "Roboto-Medium",
                      "regular": "Roboto",
                      "slab": "RobotoSlab-Regular",
                      "slabBold": "RobotoSlab-Bold",
                      "thin": "Roboto-Thin, Roboto, \\"Helvetica Neue\\", Helvetica, Arial, sans-serif",
                    },
                    "modals": Object {
                      "backgroundColor": "#fff",
                      "borderLeftWidth": 10,
                      "borderRadius": 5,
                      "contentPadding": 16,
                      "jaggedEdgeSize": 15,
                      "overlayBackgroundColor": "rgba(255, 255, 255, 0.8)",
                      "overlayHorizontalPadding": 20,
                      "overlayVerticalPadding": 30,
                    },
                    "paddings": Object {
                      "defaultMargin": 8,
                      "mainContainerPadding": 8,
                    },
                    "roundness": 4,
                    "sizes": Object {
                      "borderRadius": 5,
                      "default": 8,
                      "defaultDouble": 16,
                      "defaultHalf": 4,
                    },
                  }
                }
                width={128}
              />
            </div>
          </div>
          <div
            className="css-text-901oao"
            dir="auto"
            style={
              Object {
                "color": "rgba(66,69,74,1.00)",
                "direction": "ltr",
                "fontFamily": "Roboto",
                "fontSize": "14px",
                "fontWeight": "normal",
                "lineHeight": "20px",
                "marginBottom": "1rem",
                "marginTop": "1rem",
                "maxWidth": "100%",
                "textAlign": "center",
                "textDecoration": "none",
                "textTransform": "none",
              }
            }
          >
            <span
              className="css-text-901oao css-textHasAncestor-16my406"
              dir="auto"
              style={
                Object {
                  "color": "rgba(85,85,85,1.00)",
                  "direction": "ltr",
                  "fontFamily": "Roboto",
                  "fontSize": "18px",
                  "fontWeight": "normal",
                  "lineHeight": "22px",
                  "maxWidth": "100%",
                  "overflowX": "hidden",
                  "overflowY": "hidden",
                  "paddingLeft": "1rem",
                  "paddingRight": "1rem",
                  "textAlign": "center",
                  "textDecoration": "none",
                  "textOverflow": "ellipsis",
                  "textTransform": "none",
                  "whiteSpace": "nowrap",
                }
              }
            >
              undefined
            </span>
          </div>
          <div
            className="css-text-901oao"
            dir="auto"
            style={
              Object {
                "color": "rgba(85,85,85,1.00)",
                "direction": "ltr",
                "fontFamily": "Roboto",
                "fontSize": "16px",
                "fontWeight": "normal",
                "lineHeight": "20px",
                "textAlign": "center",
                "textDecoration": "none",
                "textTransform": "none",
              }
            }
          >
            Here's 
            <div
              className="css-view-1dbjc4n"
              style={
                Object {
                  "WebkitAlignItems": "baseline",
                  "WebkitBoxAlign": "baseline",
                  "WebkitBoxDirection": "normal",
                  "WebkitBoxOrient": "horizontal",
                  "WebkitFlexDirection": "row",
                  "alignItems": "baseline",
                  "display": "flex",
                  "flexDirection": "row",
                  "msFlexAlign": "baseline",
                  "msFlexDirection": "row",
                }
              }
            >
              <span
                className="css-text-901oao css-textHasAncestor-16my406"
                dir="auto"
                style={
                  Object {
                    "color": "rgba(85,85,85,1.00)",
                    "direction": "ltr",
                    "fontFamily": "Roboto-Bold",
                    "fontSize": "40px",
                    "fontWeight": "700",
                    "lineHeight": "auto",
                    "marginRight": "4px",
                    "textAlign": "right",
                    "textDecoration": "none",
                    "textTransform": "none",
                  }
                }
              >
                -.--
              </span>
              <span
                className="css-text-901oao css-textHasAncestor-16my406"
                dir="auto"
                style={
                  Object {
                    "color": "rgba(85,85,85,1.00)",
                    "direction": "ltr",
                    "fontFamily": "Roboto-Bold",
                    "fontSize": "22px",
                    "fontWeight": "700",
                    "lineHeight": "auto",
                    "textAlign": "right",
                    "textDecoration": "none",
                    "textTransform": "none",
                  }
                }
              >
                G$
              </span>
            </div>
          </div>
          <div
            className="css-text-901oao"
            dir="auto"
            style={
              Object {
                "color": "rgba(85,85,85,1.00)",
                "direction": "ltr",
                "fontFamily": "Roboto",
                "fontSize": "16px",
                "fontWeight": "normal",
                "lineHeight": "20px",
                "textAlign": "center",
                "textDecoration": "none",
                "textTransform": "none",
              }
            }
          />
        </div>
      </div>
    </div>
    <div
      className="css-view-1dbjc4n"
      style={
        Object {
          "WebkitBoxDirection": "normal",
          "WebkitBoxOrient": "vertical",
          "WebkitBoxPack": "end",
          "WebkitFlexDirection": "column",
          "WebkitJustifyContent": "flex-end",
          "display": "flex",
          "flexDirection": "column",
          "justifyContent": "flex-end",
          "marginTop": "0px",
          "msFlexDirection": "column",
          "msFlexPack": "end",
          "width": "100%",
        }
      }
    >
      <div
        className="css-view-1dbjc4n"
        style={
          Object {
            "WebkitBoxPack": "center",
            "WebkitJustifyContent": "center",
            "backgroundColor": "rgba(0,175,255,1.00)",
            "borderBottomColor": "rgba(0,175,255,1.00)",
            "borderBottomLeftRadius": "50px",
            "borderBottomRightRadius": "50px",
            "borderBottomStyle": "solid",
            "borderBottomWidth": "0px",
            "borderLeftColor": "rgba(0,175,255,1.00)",
            "borderLeftStyle": "solid",
            "borderLeftWidth": "0px",
            "borderRightColor": "rgba(0,175,255,1.00)",
            "borderRightStyle": "solid",
            "borderRightWidth": "0px",
            "borderTopColor": "rgba(0,175,255,1.00)",
            "borderTopLeftRadius": "50px",
            "borderTopRightRadius": "50px",
            "borderTopStyle": "solid",
            "borderTopWidth": "0px",
            "boxShadow": "0px 0.75px 1.5px rgba(0,0,0,0.24)",
            "justifyContent": "center",
            "minWidth": "auto",
            "msFlexPack": "center",
          }
        }
      >
        <div
          className="css-cursor-18t94o4 css-view-1dbjc4n"
          data-focusable={true}
          disabled={false}
          onKeyDown={[Function]}
          onKeyPress={[Function]}
          onKeyUp={[Function]}
          onResponderGrant={[Function]}
          onResponderMove={[Function]}
          onResponderRelease={[Function]}
          onResponderTerminate={[Function]}
          onResponderTerminationRequest={[Function]}
          onStartShouldSetResponder={[Function]}
          role="button"
          style={
            Object {
              "borderBottomLeftRadius": "50px",
              "borderBottomRightRadius": "50px",
              "borderTopLeftRadius": "50px",
              "borderTopRightRadius": "50px",
              "cursor": "pointer",
              "msTouchAction": "manipulation",
              "overflowX": "hidden",
              "overflowY": "hidden",
              "position": "relative",
              "touchAction": "manipulation",
            }
          }
          tabIndex="0"
        >
          <div
            className="css-view-1dbjc4n"
            style={
              Object {
                "WebkitAlignItems": "center",
                "WebkitBoxAlign": "center",
                "WebkitBoxDirection": "normal",
                "WebkitBoxOrient": "horizontal",
                "WebkitBoxPack": "center",
                "WebkitFlexDirection": "row",
                "WebkitJustifyContent": "center",
                "alignItems": "center",
                "flexDirection": "row",
                "justifyContent": "center",
                "msFlexAlign": "center",
                "msFlexDirection": "row",
                "msFlexPack": "center",
              }
            }
          >
            <div
              className="css-text-901oao css-textOneLine-bfa6kz"
              dir="auto"
              style={
                Object {
                  "color": "rgba(255,255,255,1.00)",
                  "direction": "ltr",
                  "fontFamily": "Roboto-Medium",
                  "letterSpacing": "1px",
                  "marginBottom": "9px",
                  "marginLeft": "8px",
                  "marginRight": "8px",
                  "marginTop": "9px",
                  "textAlign": "center",
                }
              }
            >
              <div
                className="css-view-1dbjc4n"
                style={
                  Object {
                    "WebkitBoxPack": "center",
                    "WebkitJustifyContent": "center",
                    "display": "inline-flex",
                    "justifyContent": "center",
                    "minHeight": "28px",
                    "msFlexPack": "center",
                  }
                }
              >
                <span
                  className="css-text-901oao css-textHasAncestor-16my406"
                  dir="auto"
                  style={
                    Object {
                      "color": "rgba(255,255,255,1.00)",
                      "direction": "ltr",
                      "fontFamily": "Roboto",
                      "fontWeight": "bold",
                      "lineHeight": "0px",
                      "paddingTop": "1px",
                      "textAlign": "left",
                      "textTransform": "uppercase",
                    }
                  }
                >
                  Copy link to clipboard
                </span>
              </div>
            </div>
          </div>
        </div>
      </div>
      <div
        className="css-view-1dbjc4n"
        style={
          Object {
            "WebkitBoxPack": "center",
            "WebkitJustifyContent": "center",
            "backgroundColor": "rgba(0,175,255,1.00)",
            "borderBottomColor": "rgba(0,175,255,1.00)",
            "borderBottomLeftRadius": "50px",
            "borderBottomRightRadius": "50px",
            "borderBottomStyle": "solid",
            "borderBottomWidth": "0px",
            "borderLeftColor": "rgba(0,175,255,1.00)",
            "borderLeftStyle": "solid",
            "borderLeftWidth": "0px",
            "borderRightColor": "rgba(0,175,255,1.00)",
            "borderRightStyle": "solid",
            "borderRightWidth": "0px",
            "borderTopColor": "rgba(0,175,255,1.00)",
            "borderTopLeftRadius": "50px",
            "borderTopRightRadius": "50px",
            "borderTopStyle": "solid",
            "borderTopWidth": "0px",
            "boxShadow": "0px 0.75px 1.5px rgba(0,0,0,0.24)",
            "justifyContent": "center",
            "marginTop": "1em",
            "minWidth": "auto",
            "msFlexPack": "center",
          }
        }
      >
        <div
          aria-disabled={true}
          className="css-view-1dbjc4n"
          disabled={true}
          onKeyDown={[Function]}
          onKeyUp={[Function]}
          onResponderGrant={[Function]}
          onResponderMove={[Function]}
          onResponderTerminate={[Function]}
          onResponderTerminationRequest={[Function]}
          onStartShouldSetResponder={[Function]}
          role="button"
          style={
            Object {
              "borderBottomLeftRadius": "50px",
              "borderBottomRightRadius": "50px",
              "borderTopLeftRadius": "50px",
              "borderTopRightRadius": "50px",
              "overflowX": "hidden",
              "overflowY": "hidden",
              "position": "relative",
            }
          }
        >
          <div
            className="css-view-1dbjc4n"
            style={
              Object {
                "WebkitAlignItems": "center",
                "WebkitBoxAlign": "center",
                "WebkitBoxDirection": "normal",
                "WebkitBoxOrient": "horizontal",
                "WebkitBoxPack": "center",
                "WebkitFlexDirection": "row",
                "WebkitJustifyContent": "center",
                "alignItems": "center",
                "flexDirection": "row",
                "justifyContent": "center",
                "msFlexAlign": "center",
                "msFlexDirection": "row",
                "msFlexPack": "center",
              }
            }
          >
            <div
              className="css-text-901oao css-textOneLine-bfa6kz"
              dir="auto"
              style={
                Object {
                  "color": "rgba(255,255,255,1.00)",
                  "direction": "ltr",
                  "fontFamily": "Roboto-Medium",
                  "letterSpacing": "1px",
                  "marginBottom": "9px",
                  "marginLeft": "8px",
                  "marginRight": "8px",
                  "marginTop": "9px",
                  "textAlign": "center",
                }
              }
            >
              <div
                className="css-view-1dbjc4n"
                style={
                  Object {
                    "WebkitBoxPack": "center",
                    "WebkitJustifyContent": "center",
                    "display": "inline-flex",
                    "justifyContent": "center",
                    "minHeight": "28px",
                    "msFlexPack": "center",
                  }
                }
              >
                <span
                  className="css-text-901oao css-textHasAncestor-16my406"
                  dir="auto"
                  style={
                    Object {
                      "color": "rgba(255,255,255,1.00)",
                      "direction": "ltr",
                      "fontFamily": "Roboto",
                      "fontWeight": "bold",
                      "lineHeight": "0px",
                      "paddingTop": "1px",
                      "textAlign": "left",
                      "textTransform": "uppercase",
                    }
                  }
                >
                  Done
                </span>
              </div>
            </div>
          </div>
        </div>
      </div>
    </div>
  </div>
</div>
`;
