// Jest Snapshot v1, https://goo.gl/fbAQLP

exports[`EventIcon - Receive matches snapshot 1`] = `
<div
  className="css-text-901oao"
  dir="auto"
  style={
    Object {
      "fontFamily": "gooddollar",
      "fontSize": "34px",
      "fontStyle": "normal",
      "fontWeight": "normal",
      "marginRight": "0px",
    }
  }
>
  
</div>
`;

exports[`EventIcon - Send matches snapshot 1`] = `
<div
  className="css-text-901oao"
  dir="auto"
  style={
    Object {
      "fontFamily": "gooddollar",
      "fontSize": "34px",
      "fontStyle": "normal",
      "fontWeight": "normal",
      "marginRight": "0px",
    }
  }
>
  
</div>
`;

exports[`EventIcon - Withdraw matches snapshot 1`] = `
<div
  className="css-text-901oao"
  dir="auto"
  style={
    Object {
      "fontFamily": "gooddollar",
      "fontSize": "34px",
      "fontStyle": "normal",
      "fontWeight": "normal",
      "marginRight": "0px",
    }
  }
>
  
</div>
`;
