// Jest Snapshot v1, https://goo.gl/fbAQLP

exports[`Avatar matches snapshot 1`] = `
<div
  aria-disabled={true}
  className="css-view-1dbjc4n"
  disabled={true}
  onKeyDown={[Function]}
  onKeyUp={[Function]}
  onResponderGrant={[Function]}
  onResponderMove={[Function]}
  onResponderRelease={[Function]}
  onResponderTerminate={[Function]}
  onResponderTerminationRequest={[Function]}
  onStartShouldSetResponder={[Function]}
  style={
    Object {
      "MozTransitionProperty": "opacity",
      "MozUserSelect": "none",
      "WebkitTransitionDuration": "0.15s",
      "WebkitTransitionProperty": "opacity",
      "WebkitUserSelect": "none",
      "msUserSelect": "none",
      "transitionDuration": "0.15s",
      "transitionProperty": "opacity",
      "userSelect": "none",
    }
  }
>
  <div
    className="css-view-1dbjc4n"
    style={
      Object {
        "borderBottomLeftRadius": "21px",
        "borderBottomRightRadius": "21px",
        "borderBottomWidth": "1px",
        "borderLeftWidth": "1px",
        "borderRightWidth": "1px",
        "borderTopLeftRadius": "21px",
        "borderTopRightRadius": "21px",
        "borderTopWidth": "1px",
        "height": "42px",
        "width": "42px",
      }
    }
  >
    <div
      className="css-view-1dbjc4n"
      style={
        Object {
          "WebkitFlexBasis": "auto",
          "borderBottomLeftRadius": "21px",
          "borderBottomRightRadius": "21px",
          "borderTopLeftRadius": "21px",
          "borderTopRightRadius": "21px",
          "flexBasis": "auto",
          "height": "42px",
          "msFlexPreferredSize": "auto",
          "overflowX": "hidden",
          "overflowY": "hidden",
          "width": "42px",
          "zIndex": 0,
        }
      }
    >
      <div
        className="css-view-1dbjc4n"
        style={
          Object {
            "backgroundColor": "rgba(0,0,0,0.00)",
            "backgroundImage": "url(\\"unknownProfile.svg\\")",
            "backgroundPosition": "center",
            "backgroundRepeat": "no-repeat",
            "backgroundSize": "cover",
            "bottom": "0px",
            "height": "100%",
            "left": "0px",
            "position": "absolute",
            "right": "0px",
            "top": "0px",
            "width": "100%",
            "zIndex": -1,
          }
        }
      />
      <img
        alt=""
        className="css-accessibilityImage-9pa8cd"
        draggable={false}
        src="unknownProfile.svg"
      />
    </div>
  </div>
</div>
`;
