// Jest Snapshot v1, https://goo.gl/fbAQLP

exports[`ModalContainer matches snapshot 1`] = `
<div
  className="css-view-1dbjc4n"
  style={
    Object {
      "WebkitBoxFlex": 1,
      "WebkitFlexBasis": "0%",
      "WebkitFlexGrow": 1,
      "WebkitFlexShrink": 1,
      "flexBasis": "0%",
      "flexGrow": 1,
      "flexShrink": 1,
      "msFlexNegative": 1,
      "msFlexPositive": 1,
      "msFlexPreferredSize": "0%",
    }
  }
>
  <div
    className="css-view-1dbjc4n"
    style={
      Object {
        "WebkitBoxDirection": "normal",
        "WebkitBoxOrient": "horizontal",
        "WebkitFlexDirection": "row",
        "display": "flex",
        "flexDirection": "row",
        "msFlexDirection": "row",
        "position": "relative",
        "width": "100%",
        "zIndex": 1,
      }
    }
  >
    Testing
  </div>
</div>
`;

exports[`ModalContainer matches snapshot with properties 1`] = `
<div
  className="css-view-1dbjc4n"
  style={
    Object {
      "WebkitBoxFlex": 1,
      "WebkitFlexBasis": "0%",
      "WebkitFlexGrow": 1,
      "WebkitFlexShrink": 1,
      "flexBasis": "0%",
      "flexGrow": 1,
      "flexShrink": 1,
      "msFlexNegative": 1,
      "msFlexPositive": 1,
      "msFlexPreferredSize": "0%",
    }
  }
>
  <div
    className="css-view-1dbjc4n"
    style={
      Object {
        "WebkitBoxDirection": "normal",
        "WebkitBoxFlex": 1,
        "WebkitBoxOrient": "horizontal",
        "WebkitFlexDirection": "row",
        "WebkitFlexGrow": 1,
        "display": "flex",
        "flexDirection": "row",
        "flexGrow": 1,
        "msFlexDirection": "row",
        "msFlexPositive": 1,
        "position": "relative",
        "width": "100%",
        "zIndex": 1,
      }
    }
  >
    Testing
  </div>
</div>
`;
